2026-08-31 21:31:58.356: [INFO] CurrentProfilePath: C:\projetos-java\.metadata\.plugins\org.eclipse.swt\EBWebView\Default
2026-08-31 21:31:58.356: [INFO] Profiles total count: 1
2026-08-31 21:31:58.356: [INFO] Profile: name=Perfil 1 path=C:\projetos-java\.metadata\.plugins\org.eclipse.swt\EBWebView\Default lastActive=2026-08-31T21:31:44.346Z
2026-08-31 21:31:58.356: [INFO] LastUsedProfileDir: C:\projetos-java\.metadata\.plugins\org.eclipse.swt\EBWebView\Default
2026-08-31 21:31:58.356: [INFO] MostRecentlyActiveProfile: name=Perfil 1 path=C:\projetos-java\.metadata\.plugins\org.eclipse.swt\EBWebView\Default lastActive=2026-08-31T21:31:44.346Z
2026-08-31 21:31:58.356: [INFO] OnDoneLoading sync enabled: 0
2026-08-31 21:31:58.356: [INFO] BookmarkModelLoaded, ids_reassigned: 0
2026-08-31 21:31:58.356: [INFO] BookmarksLoadDropped droppedNodes=0
2026-08-31 21:31:58.356: [INFO] BookmarksSnapshot Startup total=0 bar=0 other=0 mobile=0 showBar=0 showBarNTP=1
2026-08-31 21:32:03.049: [INFO] BookmarksSnapshot Shutdown total=0 bar=0 other=0 mobile=0 showBar=0 showBarNTP=1
2026-08-31 21:32:10.271: [INFO] CurrentProfilePath: C:\projetos-java\.metadata\.plugins\org.eclipse.swt\EBWebView\Default
2026-08-31 21:32:10.271: [INFO] Profiles total count: 1
2026-08-31 21:32:10.271: [INFO] Profile: name=Perfil 1 path=C:\projetos-java\.metadata\.plugins\org.eclipse.swt\EBWebView\Default lastActive=2026-08-31T21:31:44.346Z
2026-08-31 21:32:10.271: [INFO] LastUsedProfileDir: C:\projetos-java\.metadata\.plugins\org.eclipse.swt\EBWebView\Default
2026-08-31 21:32:10.271: [INFO] MostRecentlyActiveProfile: name=Perfil 1 path=C:\projetos-java\.metadata\.plugins\org.eclipse.swt\EBWebView\Default lastActive=2026-08-31T21:31:44.346Z
2026-08-31 21:32:10.271: [INFO] OnDoneLoading sync enabled: 0
2026-08-31 21:32:10.272: [INFO] BookmarkModelLoaded, ids_reassigned: 0
2026-08-31 21:32:10.272: [INFO] BookmarksLoadDropped droppedNodes=0
2026-08-31 21:32:10.272: [INFO] BookmarksSnapshot Startup total=0 bar=0 other=0 mobile=0 showBar=0 showBarNTP=1
2026-08-31 21:32:15.931: [INFO] BookmarksSnapshot Shutdown total=0 bar=0 other=0 mobile=0 showBar=0 showBarNTP=1
2026-08-31 21:51:08.778: [INFO] CurrentProfilePath: C:\projetos-java\.metadata\.plugins\org.eclipse.swt\EBWebView\Default
2026-08-31 21:51:08.778: [INFO] Profiles total count: 1
2026-08-31 21:51:08.778: [INFO] Profile: name=Perfil 1 path=C:\projetos-java\.metadata\.plugins\org.eclipse.swt\EBWebView\Default lastActive=2026-08-31T21:31:44.346Z
2026-08-31 21:51:08.778: [INFO] LastUsedProfileDir: C:\projetos-java\.metadata\.plugins\org.eclipse.swt\EBWebView\Default
2026-08-31 21:51:08.778: [INFO] MostRecentlyActiveProfile: name=Perfil 1 path=C:\projetos-java\.metadata\.plugins\org.eclipse.swt\EBWebView\Default lastActive=2026-08-31T21:31:44.346Z
2026-08-31 21:51:08.778: [INFO] OnDoneLoading sync enabled: 0
2026-08-31 21:51:08.778: [INFO] BookmarkModelLoaded, ids_reassigned: 0
2026-08-31 21:51:08.778: [INFO] BookmarksLoadDropped droppedNodes=0
2026-08-31 21:51:08.778: [INFO] BookmarksSnapshot Startup total=0 bar=0 other=0 mobile=0 showBar=0 showBarNTP=1
2026-08-31 21:51:15.785: [INFO] BookmarksSnapshot Shutdown total=0 bar=0 other=0 mobile=0 showBar=0 showBarNTP=1
2026-08-31 21:56:42.113: [INFO] CurrentProfilePath: C:\projetos-java\.metadata\.plugins\org.eclipse.swt\EBWebView\Default
2026-08-31 21:56:42.113: [INFO] Profiles total count: 1
2026-08-31 21:56:42.113: [INFO] Profile: name=Perfil 1 path=C:\projetos-java\.metadata\.plugins\org.eclipse.swt\EBWebView\Default lastActive=2026-08-31T21:31:44.346Z
2026-08-31 21:56:42.113: [INFO] LastUsedProfileDir: C:\projetos-java\.metadata\.plugins\org.eclipse.swt\EBWebView\Default
2026-08-31 21:56:42.113: [INFO] MostRecentlyActiveProfile: name=Perfil 1 path=C:\projetos-java\.metadata\.plugins\org.eclipse.swt\EBWebView\Default lastActive=2026-08-31T21:31:44.346Z
2026-08-31 21:56:42.113: [INFO] OnDoneLoading sync enabled: 0
2026-08-31 21:56:42.113: [INFO] BookmarkModelLoaded, ids_reassigned: 0
2026-08-31 21:56:42.113: [INFO] BookmarksLoadDropped droppedNodes=0
2026-08-31 21:56:42.113: [INFO] BookmarksSnapshot Startup total=0 bar=0 other=0 mobile=0 showBar=0 showBarNTP=1
2026-08-31 21:56:47.148: [INFO] BookmarksSnapshot Shutdown total=0 bar=0 other=0 mobile=0 showBar=0 showBarNTP=1
2026-08-31 21:59:03.852: [INFO] CurrentProfilePath: C:\projetos-java\.metadata\.plugins\org.eclipse.swt\EBWebView\Default
2026-08-31 21:59:03.852: [INFO] Profiles total count: 1
2026-08-31 21:59:03.853: [INFO] Profile: name=Perfil 1 path=C:\projetos-java\.metadata\.plugins\org.eclipse.swt\EBWebView\Default lastActive=2026-08-31T21:56:44.337Z
2026-08-31 21:59:03.853: [INFO] LastUsedProfileDir: C:\projetos-java\.metadata\.plugins\org.eclipse.swt\EBWebView\Default
2026-08-31 21:59:03.853: [INFO] MostRecentlyActiveProfile: name=Perfil 1 path=C:\projetos-java\.metadata\.plugins\org.eclipse.swt\EBWebView\Default lastActive=2026-08-31T21:56:44.337Z
2026-08-31 21:59:03.853: [INFO] OnDoneLoading sync enabled: 0
2026-08-31 21:59:03.853: [INFO] BookmarkModelLoaded, ids_reassigned: 0
2026-08-31 21:59:03.853: [INFO] BookmarksLoadDropped droppedNodes=0
2026-08-31 21:59:03.853: [INFO] BookmarksSnapshot Startup total=0 bar=0 other=0 mobile=0 showBar=0 showBarNTP=1
2026-08-31 21:59:13.119: [INFO] BookmarksSnapshot Shutdown total=0 bar=0 other=0 mobile=0 showBar=0 showBarNTP=1
2026-08-31 21:59:56.379: [INFO] CurrentProfilePath: C:\projetos-java\.metadata\.plugins\org.eclipse.swt\EBWebView\Default
2026-08-31 21:59:56.379: [INFO] Profiles total count: 1
2026-08-31 21:59:56.380: [INFO] Profile: name=Perfil 1 path=C:\projetos-java\.metadata\.plugins\org.eclipse.swt\EBWebView\Default lastActive=2026-08-31T21:56:44.337Z
2026-08-31 21:59:56.380: [INFO] LastUsedProfileDir: C:\projetos-java\.metadata\.plugins\org.eclipse.swt\EBWebView\Default
2026-08-31 21:59:56.380: [INFO] MostRecentlyActiveProfile: name=Perfil 1 path=C:\projetos-java\.metadata\.plugins\org.eclipse.swt\EBWebView\Default lastActive=2026-08-31T21:56:44.337Z
2026-08-31 21:59:56.380: [INFO] OnDoneLoading sync enabled: 0
2026-08-31 21:59:56.380: [INFO] BookmarkModelLoaded, ids_reassigned: 0
2026-08-31 21:59:56.380: [INFO] BookmarksLoadDropped droppedNodes=0
2026-08-31 21:59:56.380: [INFO] BookmarksSnapshot Startup total=0 bar=0 other=0 mobile=0 showBar=0 showBarNTP=1
2026-08-31 22:01:44.958: [INFO] BookmarksSnapshot Shutdown total=0 bar=0 other=0 mobile=0 showBar=0 showBarNTP=1
2026-08-31 22:15:13.840: [INFO] CurrentProfilePath: C:\projetos-java\.metadata\.plugins\org.eclipse.swt\EBWebView\Default
2026-08-31 22:15:13.840: [INFO] Profiles total count: 1
2026-08-31 22:15:13.840: [INFO] Profile: name=Perfil 1 path=C:\projetos-java\.metadata\.plugins\org.eclipse.swt\EBWebView\Default lastActive=2026-08-31T21:56:44.337Z
2026-08-31 22:15:13.840: [INFO] LastUsedProfileDir: C:\projetos-java\.metadata\.plugins\org.eclipse.swt\EBWebView\Default
2026-08-31 22:15:13.840: [INFO] MostRecentlyActiveProfile: name=Perfil 1 path=C:\projetos-java\.metadata\.plugins\org.eclipse.swt\EBWebView\Default lastActive=2026-08-31T21:56:44.337Z
2026-08-31 22:15:13.840: [INFO] OnDoneLoading sync enabled: 0
2026-08-31 22:15:13.840: [INFO] BookmarkModelLoaded, ids_reassigned: 0
2026-08-31 22:15:13.840: [INFO] BookmarksLoadDropped droppedNodes=0
2026-08-31 22:15:13.840: [INFO] BookmarksSnapshot Startup total=0 bar=0 other=0 mobile=0 showBar=0 showBarNTP=1
2026-08-31 22:15:17.869: [INFO] BookmarksSnapshot Shutdown total=0 bar=0 other=0 mobile=0 showBar=0 showBarNTP=1
2026-08-31 22:19:52.151: [INFO] CurrentProfilePath: C:\projetos-java\.metadata\.plugins\org.eclipse.swt\EBWebView\Default
2026-08-31 22:19:52.151: [INFO] Profiles total count: 1
2026-08-31 22:19:52.151: [INFO] Profile: name=Perfil 1 path=C:\projetos-java\.metadata\.plugins\org.eclipse.swt\EBWebView\Default lastActive=2026-08-31T21:56:44.337Z
2026-08-31 22:19:52.151: [INFO] LastUsedProfileDir: C:\projetos-java\.metadata\.plugins\org.eclipse.swt\EBWebView\Default
2026-08-31 22:19:52.151: [INFO] MostRecentlyActiveProfile: name=Perfil 1 path=C:\projetos-java\.metadata\.plugins\org.eclipse.swt\EBWebView\Default lastActive=2026-08-31T21:56:44.337Z
2026-08-31 22:19:52.151: [INFO] OnDoneLoading sync enabled: 0
2026-08-31 22:19:52.151: [INFO] BookmarkModelLoaded, ids_reassigned: 0
2026-08-31 22:19:52.151: [INFO] BookmarksLoadDropped droppedNodes=0
2026-08-31 22:19:52.151: [INFO] BookmarksSnapshot Startup total=0 bar=0 other=0 mobile=0 showBar=0 showBarNTP=1
2026-08-31 22:34:17.994: [INFO] BookmarksSnapshot Shutdown total=0 bar=0 other=0 mobile=0 showBar=0 showBarNTP=1
2026-09-03 19:16:31.482: [INFO] CurrentProfilePath: C:\projetos-java\.metadata\.plugins\org.eclipse.swt\EBWebView\Default
2026-09-03 19:16:31.482: [INFO] Profiles total count: 1
2026-09-03 19:16:31.482: [INFO] Profile: name=Perfil 1 path=C:\projetos-java\.metadata\.plugins\org.eclipse.swt\EBWebView\Default lastActive=2026-08-31T21:56:44.337Z
2026-09-03 19:16:31.482: [INFO] LastUsedProfileDir: C:\projetos-java\.metadata\.plugins\org.eclipse.swt\EBWebView\Default
2026-09-03 19:16:31.482: [INFO] MostRecentlyActiveProfile: name=Perfil 1 path=C:\projetos-java\.metadata\.plugins\org.eclipse.swt\EBWebView\Default lastActive=2026-08-31T21:56:44.337Z
2026-09-03 19:16:31.482: [INFO] OnDoneLoading sync enabled: 0
2026-09-03 19:16:31.482: [INFO] BookmarkModelLoaded, ids_reassigned: 0
2026-09-03 19:16:31.482: [INFO] BookmarksLoadDropped droppedNodes=0
2026-09-03 19:16:31.482: [INFO] BookmarksSnapshot Startup total=0 bar=0 other=0 mobile=0 showBar=0 showBarNTP=1
2026-09-03 19:16:31.671: [INFO] BookmarksSnapshot Shutdown total=0 bar=0 other=0 mobile=0 showBar=0 showBarNTP=1
2026-09-03 19:22:43.202: [INFO] CurrentProfilePath: C:\projetos-java\.metadata\.plugins\org.eclipse.swt\EBWebView\Default
2026-09-03 19:22:43.202: [INFO] Profiles total count: 1
2026-09-03 19:22:43.202: [INFO] Profile: name=Perfil 1 path=C:\projetos-java\.metadata\.plugins\org.eclipse.swt\EBWebView\Default lastActive=2026-08-31T21:56:44.337Z
2026-09-03 19:22:43.202: [INFO] LastUsedProfileDir: C:\projetos-java\.metadata\.plugins\org.eclipse.swt\EBWebView\Default
2026-09-03 19:22:43.202: [INFO] MostRecentlyActiveProfile: name=Perfil 1 path=C:\projetos-java\.metadata\.plugins\org.eclipse.swt\EBWebView\Default lastActive=2026-08-31T21:56:44.337Z
2026-09-03 19:22:43.202: [INFO] OnDoneLoading sync enabled: 0
2026-09-03 19:22:43.202: [INFO] BookmarkModelLoaded, ids_reassigned: 0
2026-09-03 19:22:43.202: [INFO] BookmarksLoadDropped droppedNodes=0
2026-09-03 19:22:43.202: [INFO] BookmarksSnapshot Startup total=0 bar=0 other=0 mobile=0 showBar=0 showBarNTP=1
2026-09-03 19:22:43.252: [INFO] BookmarksSnapshot Shutdown total=0 bar=0 other=0 mobile=0 showBar=0 showBarNTP=1
2026-09-03 19:23:55.782: [INFO] CurrentProfilePath: C:\projetos-java\.metadata\.plugins\org.eclipse.swt\EBWebView\Default
2026-09-03 19:23:55.782: [INFO] Profiles total count: 1
2026-09-03 19:23:55.782: [INFO] Profile: name=Perfil 1 path=C:\projetos-java\.metadata\.plugins\org.eclipse.swt\EBWebView\Default lastActive=2026-08-31T21:56:44.337Z
2026-09-03 19:23:55.782: [INFO] LastUsedProfileDir: C:\projetos-java\.metadata\.plugins\org.eclipse.swt\EBWebView\Default
2026-09-03 19:23:55.782: [INFO] MostRecentlyActiveProfile: name=Perfil 1 path=C:\projetos-java\.metadata\.plugins\org.eclipse.swt\EBWebView\Default lastActive=2026-08-31T21:56:44.337Z
2026-09-03 19:23:55.783: [INFO] OnDoneLoading sync enabled: 0
2026-09-03 19:23:55.783: [INFO] BookmarkModelLoaded, ids_reassigned: 0
2026-09-03 19:23:55.783: [INFO] BookmarksLoadDropped droppedNodes=0
2026-09-03 19:23:55.783: [INFO] BookmarksSnapshot Startup total=0 bar=0 other=0 mobile=0 showBar=0 showBarNTP=1
2026-09-03 19:25:45.974: [INFO] BookmarksSnapshot Shutdown total=0 bar=0 other=0 mobile=0 showBar=0 showBarNTP=1
2026-09-03 19:32:44.060: [INFO] CurrentProfilePath: C:\projetos-java\.metadata\.plugins\org.eclipse.swt\EBWebView\Default
2026-09-03 19:32:44.060: [INFO] Profiles total count: 1
2026-09-03 19:32:44.060: [INFO] Profile: name=Perfil 1 path=C:\projetos-java\.metadata\.plugins\org.eclipse.swt\EBWebView\Default lastActive=2026-08-31T21:56:44.337Z
2026-09-03 19:32:44.060: [INFO] LastUsedProfileDir: C:\projetos-java\.metadata\.plugins\org.eclipse.swt\EBWebView\Default
2026-09-03 19:32:44.060: [INFO] MostRecentlyActiveProfile: name=Perfil 1 path=C:\projetos-java\.metadata\.plugins\org.eclipse.swt\EBWebView\Default lastActive=2026-08-31T21:56:44.337Z
2026-09-03 19:32:44.060: [INFO] OnDoneLoading sync enabled: 0
2026-09-03 19:32:44.060: [INFO] BookmarkModelLoaded, ids_reassigned: 0
2026-09-03 19:32:44.060: [INFO] BookmarksLoadDropped droppedNodes=0
2026-09-03 19:32:44.060: [INFO] BookmarksSnapshot Startup total=0 bar=0 other=0 mobile=0 showBar=0 showBarNTP=1
2026-09-03 19:40:43.803: [INFO] BookmarksSnapshot Shutdown total=0 bar=0 other=0 mobile=0 showBar=0 showBarNTP=1
2026-09-03 19:40:43.837: [INFO] CurrentProfilePath: C:\projetos-java\.metadata\.plugins\org.eclipse.swt\EBWebView\Default
2026-09-03 19:40:43.837: [INFO] Profiles total count: 1
2026-09-03 19:40:43.837: [INFO] Profile: name=Perfil 1 path=C:\projetos-java\.metadata\.plugins\org.eclipse.swt\EBWebView\Default lastActive=2026-08-31T21:56:44.337Z
2026-09-03 19:40:43.837: [INFO] LastUsedProfileDir: C:\projetos-java\.metadata\.plugins\org.eclipse.swt\EBWebView\Default
2026-09-03 19:40:43.837: [INFO] MostRecentlyActiveProfile: name=Perfil 1 path=C:\projetos-java\.metadata\.plugins\org.eclipse.swt\EBWebView\Default lastActive=2026-08-31T21:56:44.337Z
2026-09-03 19:40:43.837: [INFO] OnDoneLoading sync enabled: 0
2026-09-03 19:40:43.837: [INFO] BookmarkModelLoaded, ids_reassigned: 0
2026-09-03 19:40:43.837: [INFO] BookmarksLoadDropped droppedNodes=0
2026-09-03 19:40:43.837: [INFO] BookmarksSnapshot Startup total=0 bar=0 other=0 mobile=0 showBar=0 showBarNTP=1
2026-09-03 21:10:26.577: [INFO] BookmarksSnapshot Shutdown total=0 bar=0 other=0 mobile=0 showBar=0 showBarNTP=1
2026-09-16 16:12:46.077: [INFO] CurrentProfilePath: C:\projetos-java\.metadata\.plugins\org.eclipse.swt\EBWebView\Default
2026-09-16 16:12:46.077: [INFO] Profiles total count: 1
2026-09-16 16:12:46.078: [INFO] Profile: name=Perfil 1 path=C:\projetos-java\.metadata\.plugins\org.eclipse.swt\EBWebView\Default lastActive=2026-08-31T21:56:44.337Z
2026-09-16 16:12:46.078: [INFO] LastUsedProfileDir: C:\projetos-java\.metadata\.plugins\org.eclipse.swt\EBWebView\Default
2026-09-16 16:12:46.078: [INFO] MostRecentlyActiveProfile: name=Perfil 1 path=C:\projetos-java\.metadata\.plugins\org.eclipse.swt\EBWebView\Default lastActive=2026-08-31T21:56:44.337Z
2026-09-16 16:12:46.078: [INFO] OnDoneLoading sync enabled: 0
2026-09-16 16:12:46.078: [INFO] BookmarkModelLoaded, ids_reassigned: 0
2026-09-16 16:12:46.078: [INFO] BookmarksLoadDropped droppedNodes=0
2026-09-16 16:12:46.078: [INFO] BookmarksSnapshot Startup total=0 bar=0 other=0 mobile=0 showBar=0 showBarNTP=1
2026-09-16 16:41:38.383: [INFO] BookmarksSnapshot Shutdown total=0 bar=0 other=0 mobile=0 showBar=0 showBarNTP=1
2026-09-16 16:46:50.633: [INFO] CurrentProfilePath: C:\projetos-java\.metadata\.plugins\org.eclipse.swt\EBWebView\Default
2026-09-16 16:46:50.633: [INFO] Profiles total count: 1
2026-09-16 16:46:50.633: [INFO] Profile: name=Perfil 1 path=C:\projetos-java\.metadata\.plugins\org.eclipse.swt\EBWebView\Default lastActive=2026-08-31T21:56:44.337Z
2026-09-16 16:46:50.633: [INFO] LastUsedProfileDir: C:\projetos-java\.metadata\.plugins\org.eclipse.swt\EBWebView\Default
2026-09-16 16:46:50.633: [INFO] MostRecentlyActiveProfile: name=Perfil 1 path=C:\projetos-java\.metadata\.plugins\org.eclipse.swt\EBWebView\Default lastActive=2026-08-31T21:56:44.337Z
2026-09-16 16:46:50.633: [INFO] OnDoneLoading sync enabled: 0
2026-09-16 16:46:50.633: [INFO] BookmarkModelLoaded, ids_reassigned: 0
2026-09-16 16:46:50.633: [INFO] BookmarksLoadDropped droppedNodes=0
2026-09-16 16:46:50.633: [INFO] BookmarksSnapshot Startup total=0 bar=0 other=0 mobile=0 showBar=0 showBarNTP=1
2026-09-16 17:03:29.438: [INFO] BookmarksSnapshot Shutdown total=0 bar=0 other=0 mobile=0 showBar=0 showBarNTP=1
2026-09-16 17:10:54.832: [INFO] CurrentProfilePath: C:\projetos-java\.metadata\.plugins\org.eclipse.swt\EBWebView\Default
2026-09-16 17:10:54.832: [INFO] Profiles total count: 1
2026-09-16 17:10:54.832: [INFO] Profile: name=Perfil 1 path=C:\projetos-java\.metadata\.plugins\org.eclipse.swt\EBWebView\Default lastActive=2026-09-16T17:10:50.545Z
2026-09-16 17:10:54.832: [INFO] LastUsedProfileDir: C:\projetos-java\.metadata\.plugins\org.eclipse.swt\EBWebView\Default
2026-09-16 17:10:54.832: [INFO] MostRecentlyActiveProfile: name=Perfil 1 path=C:\projetos-java\.metadata\.plugins\org.eclipse.swt\EBWebView\Default lastActive=2026-09-16T17:10:50.545Z
2026-09-16 17:10:54.832: [INFO] OnDoneLoading sync enabled: 0
2026-09-16 17:10:54.832: [INFO] BookmarkModelLoaded, ids_reassigned: 0
2026-09-16 17:10:54.832: [INFO] BookmarksLoadDropped droppedNodes=0
2026-09-16 17:10:54.832: [INFO] BookmarksSnapshot Startup total=0 bar=0 other=0 mobile=0 showBar=0 showBarNTP=1
2026-09-16 17:11:01.338: [INFO] BookmarksSnapshot Shutdown total=0 bar=0 other=0 mobile=0 showBar=0 showBarNTP=1
2026-09-16 17:18:45.522: [INFO] CurrentProfilePath: C:\projetos-java\.metadata\.plugins\org.eclipse.swt\EBWebView\Default
2026-09-16 17:18:45.522: [INFO] Profiles total count: 1
2026-09-16 17:18:45.522: [INFO] Profile: name=Perfil 1 path=C:\projetos-java\.metadata\.plugins\org.eclipse.swt\EBWebView\Default lastActive=2026-09-16T17:11:00.379Z
2026-09-16 17:18:45.522: [INFO] LastUsedProfileDir: C:\projetos-java\.metadata\.plugins\org.eclipse.swt\EBWebView\Default
2026-09-16 17:18:45.522: [INFO] MostRecentlyActiveProfile: name=Perfil 1 path=C:\projetos-java\.metadata\.plugins\org.eclipse.swt\EBWebView\Default lastActive=2026-09-16T17:11:00.379Z
2026-09-16 17:18:45.522: [INFO] OnDoneLoading sync enabled: 0
2026-09-16 17:18:45.522: [INFO] BookmarkModelLoaded, ids_reassigned: 0
2026-09-16 17:18:45.522: [INFO] BookmarksLoadDropped droppedNodes=0
2026-09-16 17:18:45.522: [INFO] BookmarksSnapshot Startup total=0 bar=0 other=0 mobile=0 showBar=0 showBarNTP=1
2026-09-16 18:06:17.838: [INFO] BookmarksSnapshot Shutdown total=0 bar=0 other=0 mobile=0 showBar=0 showBarNTP=1
2026-09-16 19:55:31.381: [INFO] CurrentProfilePath: C:\projetos-java\.metadata\.plugins\org.eclipse.swt\EBWebView\Default
2026-09-16 19:55:31.381: [INFO] Profiles total count: 1
2026-09-16 19:55:31.381: [INFO] Profile: name=Perfil 1 path=C:\projetos-java\.metadata\.plugins\org.eclipse.swt\EBWebView\Default lastActive=2026-09-16T17:11:00.379Z
2026-09-16 19:55:31.381: [INFO] LastUsedProfileDir: C:\projetos-java\.metadata\.plugins\org.eclipse.swt\EBWebView\Default
2026-09-16 19:55:31.381: [INFO] MostRecentlyActiveProfile: name=Perfil 1 path=C:\projetos-java\.metadata\.plugins\org.eclipse.swt\EBWebView\Default lastActive=2026-09-16T17:11:00.379Z
2026-09-16 19:55:31.381: [INFO] OnDoneLoading sync enabled: 0
2026-09-16 19:55:31.381: [INFO] BookmarkModelLoaded, ids_reassigned: 0
2026-09-16 19:55:31.381: [INFO] BookmarksLoadDropped droppedNodes=0
2026-09-16 19:55:31.382: [INFO] BookmarksSnapshot Startup total=0 bar=0 other=0 mobile=0 showBar=0 showBarNTP=1
2026-09-16 20:49:18.187: [INFO] BookmarksSnapshot Shutdown total=0 bar=0 other=0 mobile=0 showBar=0 showBarNTP=1
2026-09-22 23:16:58.741: [INFO] CurrentProfilePath: C:\projetos-java\.metadata\.plugins\org.eclipse.swt\EBWebView\Default
2026-09-22 23:16:58.741: [INFO] Profiles total count: 1
2026-09-22 23:16:58.742: [INFO] Profile: name=Perfil 1 path=C:\projetos-java\.metadata\.plugins\org.eclipse.swt\EBWebView\Default lastActive=2026-09-16T20:11:50.163Z
2026-09-22 23:16:58.742: [INFO] LastUsedProfileDir: C:\projetos-java\.metadata\.plugins\org.eclipse.swt\EBWebView\Default
2026-09-22 23:16:58.742: [INFO] MostRecentlyActiveProfile: name=Perfil 1 path=C:\projetos-java\.metadata\.plugins\org.eclipse.swt\EBWebView\Default lastActive=2026-09-16T20:11:50.163Z
2026-09-22 23:16:58.742: [INFO] OnDoneLoading sync enabled: 0
2026-09-22 23:16:58.742: [INFO] BookmarkModelLoaded, ids_reassigned: 0
2026-09-22 23:16:58.742: [INFO] BookmarksLoadDropped droppedNodes=0
2026-09-22 23:16:58.742: [INFO] BookmarksSnapshot Startup total=0 bar=0 other=0 mobile=0 showBar=0 showBarNTP=1
2026-09-22 23:16:59.645: [INFO] BookmarksSnapshot Shutdown total=0 bar=0 other=0 mobile=0 showBar=0 showBarNTP=1
2026-09-22 23:58:25.567: [INFO] CurrentProfilePath: C:\projetos-java\.metadata\.plugins\org.eclipse.swt\EBWebView\Default
2026-09-22 23:58:25.567: [INFO] Profiles total count: 1
2026-09-22 23:58:25.567: [INFO] Profile: name=Perfil 1 path=C:\projetos-java\.metadata\.plugins\org.eclipse.swt\EBWebView\Default lastActive=2026-09-16T20:11:50.163Z
2026-09-22 23:58:25.567: [INFO] LastUsedProfileDir: C:\projetos-java\.metadata\.plugins\org.eclipse.swt\EBWebView\Default
2026-09-22 23:58:25.567: [INFO] MostRecentlyActiveProfile: name=Perfil 1 path=C:\projetos-java\.metadata\.plugins\org.eclipse.swt\EBWebView\Default lastActive=2026-09-16T20:11:50.163Z
2026-09-22 23:58:25.567: [INFO] OnDoneLoading sync enabled: 0
2026-09-22 23:58:25.567: [INFO] BookmarkModelLoaded, ids_reassigned: 0
2026-09-22 23:58:25.567: [INFO] BookmarksLoadDropped droppedNodes=0
2026-09-22 23:58:25.567: [INFO] BookmarksSnapshot Startup total=0 bar=0 other=0 mobile=0 showBar=0 showBarNTP=1
2026-09-22 23:58:29.229: [INFO] BookmarksSnapshot Shutdown total=0 bar=0 other=0 mobile=0 showBar=0 showBarNTP=1
2026-09-23 00:02:55.441: [INFO] CurrentProfilePath: C:\projetos-java\.metadata\.plugins\org.eclipse.swt\EBWebView\Default
2026-09-23 00:02:55.441: [INFO] Profiles total count: 1
2026-09-23 00:02:55.441: [INFO] Profile: name=Perfil 1 path=C:\projetos-java\.metadata\.plugins\org.eclipse.swt\EBWebView\Default lastActive=2026-09-16T20:11:50.163Z
2026-09-23 00:02:55.441: [INFO] LastUsedProfileDir: C:\projetos-java\.metadata\.plugins\org.eclipse.swt\EBWebView\Default
2026-09-23 00:02:55.441: [INFO] MostRecentlyActiveProfile: name=Perfil 1 path=C:\projetos-java\.metadata\.plugins\org.eclipse.swt\EBWebView\Default lastActive=2026-09-16T20:11:50.163Z
2026-09-23 00:02:55.441: [INFO] OnDoneLoading sync enabled: 0
2026-09-23 00:02:55.441: [INFO] BookmarkModelLoaded, ids_reassigned: 0
2026-09-23 00:02:55.441: [INFO] BookmarksLoadDropped droppedNodes=0
2026-09-23 00:02:55.441: [INFO] BookmarksSnapshot Startup total=0 bar=0 other=0 mobile=0 showBar=0 showBarNTP=1
2026-09-23 02:11:13.170: [INFO] BookmarksSnapshot Shutdown total=0 bar=0 other=0 mobile=0 showBar=0 showBarNTP=1
2026-09-23 02:12:02.204: [INFO] CurrentProfilePath: C:\projetos-java\.metadata\.plugins\org.eclipse.swt\EBWebView\Default
2026-09-23 02:12:02.204: [INFO] Profiles total count: 1
2026-09-23 02:12:02.204: [INFO] Profile: name=Perfil 1 path=C:\projetos-java\.metadata\.plugins\org.eclipse.swt\EBWebView\Default lastActive=2026-09-16T20:11:50.163Z
2026-09-23 02:12:02.205: [INFO] LastUsedProfileDir: C:\projetos-java\.metadata\.plugins\org.eclipse.swt\EBWebView\Default
2026-09-23 02:12:02.205: [INFO] MostRecentlyActiveProfile: name=Perfil 1 path=C:\projetos-java\.metadata\.plugins\org.eclipse.swt\EBWebView\Default lastActive=2026-09-16T20:11:50.163Z
2026-09-23 02:12:02.205: [INFO] OnDoneLoading sync enabled: 0
2026-09-23 02:12:02.205: [INFO] BookmarkModelLoaded, ids_reassigned: 0
2026-09-23 02:12:02.205: [INFO] BookmarksLoadDropped droppedNodes=0
2026-09-23 02:12:02.205: [INFO] BookmarksSnapshot Startup total=0 bar=0 other=0 mobile=0 showBar=0 showBarNTP=1
2026-09-23 02:30:09.495: [INFO] BookmarksSnapshot Shutdown total=0 bar=0 other=0 mobile=0 showBar=0 showBarNTP=1
2026-09-23 02:30:52.555: [INFO] CurrentProfilePath: C:\projetos-java\.metadata\.plugins\org.eclipse.swt\EBWebView\Default
2026-09-23 02:30:52.555: [INFO] Profiles total count: 1
2026-09-23 02:30:52.555: [INFO] Profile: name=Perfil 1 path=C:\projetos-java\.metadata\.plugins\org.eclipse.swt\EBWebView\Default lastActive=2026-09-16T20:11:50.163Z
2026-09-23 02:30:52.555: [INFO] LastUsedProfileDir: C:\projetos-java\.metadata\.plugins\org.eclipse.swt\EBWebView\Default
2026-09-23 02:30:52.555: [INFO] MostRecentlyActiveProfile: name=Perfil 1 path=C:\projetos-java\.metadata\.plugins\org.eclipse.swt\EBWebView\Default lastActive=2026-09-16T20:11:50.163Z
2026-09-23 02:30:52.555: [INFO] OnDoneLoading sync enabled: 0
2026-09-23 02:30:52.555: [INFO] BookmarkModelLoaded, ids_reassigned: 0
2026-09-23 02:30:52.555: [INFO] BookmarksLoadDropped droppedNodes=0
2026-09-23 02:30:52.555: [INFO] BookmarksSnapshot Startup total=0 bar=0 other=0 mobile=0 showBar=0 showBarNTP=1
2026-09-23 02:41:58.378: [INFO] BookmarksSnapshot Shutdown total=0 bar=0 other=0 mobile=0 showBar=0 showBarNTP=1
